Fetching posts from https://northmansterling.legal ...
Fetched page 1 — 50 posts (running total: 50)
Fetched page 2 — 6 posts (running total: 56)
Found 56 published posts.

✓ Migrated "Branch Office or Regional Headquarters – Which Structure Better Supports Growth for Foreign Companies in Saudi Arabia" → post-en-branch-office-or-regional-headquarters-which-structure-better-supports-growth-for-foreign-companies-in-saudi-arabia
✓ Migrated "What Business Support Services Are Required After Company Registration in Saudi Arabia?" → post-en-what-business-support-services-are-required-after-company-registration-in-saudi-arabia
✓ Migrated "Compliance Considerations for Foreign Companies Expanding into Saudi Arabia" → post-en-compliance-considerations-for-foreign-companies-expanding-into-saudi-arabia
✓ Migrated "The First Five Strategic Hires for Companies Expanding into Saudi Arabia" → post-en-the-first-five-strategic-hires-for-companies-expanding-into-saudi-arabia
✓ Migrated "The Wrong Legal Structure Can Limit Business Expansion in Saudi Arabia" → post-en-the-wrong-legal-structure-can-limit-business-expansion-in-saudi-arabia
✓ Migrated "How Are Digital Government Services Changing the Way Businesses Operate in Saudi Arabia?" → post-en-how-are-digital-government-services-changing-the-way-businesses-operate-in-saudi-arabia
✓ Migrated "What Keeps Business Operations Moving in Saudi Arabia?" → post-en-what-keeps-business-operations-moving-in-saudi-arabia
✓ Migrated "5 Business Travel Challenges Saudi Package Visa Aims to Address" → post-en-5-business-travel-challenges-the-saudi-package-visa-aims-to-address
✓ Migrated "Saudi Arabia Introduces Electronic Travel Authorisation (ETA) for UK Citizens: What Businesses Need to Know" → post-en-saudi-arabia-introduces-electronic-travel-authorisation-eta-for-uk-citizens-what-businesses-need-to-know
✓ Migrated "What Happens When an Iqama Job Title No Longer Reflects an Employee’s Actual Role?" → post-en-what-happens-when-an-iqama-job-title-no-longer-reflects-an-employees-actual-role
✓ Migrated "Five Instant Visas: A New Workforce Planning Consideration for Businesses in Saudi Arabia" → post-en-five-instant-visas-a-new-workforce-planning-consideration-for-businesses-in-saudi-arabia
✓ Migrated "5 Business Risks Companies Avoid by Outsourcing Document Legalization and Attestation Services" → post-en-5-business-risks-companies-avoid-by-outsourcing-document-legalization-and-attestation-services
✓ Migrated "How to Setup a Business in Saudi Arabia: Q1 2026 Sector Insights & Legal Setup" → post-en-how-to-setup-a-business-in-saudi-arabia-q1-2026-sector-insights-legal-setup
✓ Migrated "Saudi Arabia Expands 100% Saudization to Administrative Roles" → post-en-saudi-arabia-expands-100-saudization-to-administrative-roles
✓ Migrated "Why Degree Attestation Is Critical for GCC Work Visas" → post-en-why-degree-attestation-is-critical-for-gcc-work-visas
✓ Migrated "How Government Relations Services Support Iqama Processing and Workforce Mobility in Saudi Arabia" → post-en-how-government-relations-services-support-iqama-processing-and-workforce-mobility-in-saudi-arabia
✓ Migrated "6 Legal Mistakes Foreign Companies Make in Saudi Arabia" → post-en-6-legal-mistakes-foreign-companies-make-in-saudi-arabia
✓ Migrated "Saudi Arabia Foreign Investment Laws 2026" → post-en-saudi-arabia-foreign-investment-laws-2026
✓ Migrated "The Role of Legal Advisors in Protecting Corporate Interests" → post-en-the-role-of-legal-advisors-in-protecting-corporate-interests
✓ Migrated "Top Legal Considerations for Foreign Companies Expanding into Saudi Arabia" → post-en-top-legal-considerations-for-foreign-companies-expanding-into-saudi-arabia
✓ Migrated "What is a Schengen Visa? Guide to Application and Rules" → post-en-what-is-a-schengen-visa-a-comprehensive-guide
✓ Migrated "Visa-Free Travel to Sri Lanka for UAE, Saudi Arabia, and 33 Other Countries" → post-en-visa-free-travel-to-sri-lanka-for-uae-saudi-arabia-and-33-other-countries
✓ Migrated "Industrial Licensing in Saudi Arabia: What You Need to Know Before Applying" → post-en-industrial-licensing-in-saudi-arabia-what-you-need-to-know-before-applying
✓ Migrated "Services Investment Licenses in Saudi Arabia: A Guide for Foreign Investors" → post-en-services-investment-licenses-in-saudi-arabia-a-guide-for-foreign-investors
✓ Migrated "Saudis Reform Investment Law in Bid to Attract Foreigners" → post-en-saudis-reform-investment-law-in-bid-to-attract-foreigners
✓ Migrated "Establishing a Regional Headquarters (RHQ) in Saudi Arabia: Your Guide to the RHQ License" → post-en-establishing-a-regional-headquarters-rhq-in-saudi-arabia-your-guide-to-the-rhq-license
✓ Migrated "How Transport and Logistics Sector is Evolving in Saudi Arabia?" → post-en-how-transport-and-logistics-sector-is-evolving-in-saudi-arabia
✓ Migrated "New Japan E-Visa System is Now Available For Saudi Arabia and 11 Other Nations" → post-en-new-japan-e-visa-system-is-now-available-for-saudi-arabia-and-11-other-nations
✓ Migrated "Latest Updates on UAE Temporary Visit Visas" → post-en-latest-updates-on-uae-temporary-visit-visas
✓ Migrated "Sports Tower in Riyadh Planned to Be the Tallest in the World" → post-en-riyadh-to-design-worlds-tallest-sports-tower
✓ Migrated "Saudi Arabia for Expats: Ranked 2nd Among Top Countries" → post-en-saudi-arabia-ranks-2nd-best-country-for-expats-a-transformational-journey
✓ Migrated "UAE Launches 10-Year Passport for Citizens Aged 21 and Above" → post-en-uae-launches-10-year-passport-for-citizens-aged-21-and-above
✓ Migrated "Saudi Arabia Receives Approved Destination Status from China" → post-en-saudi-arabia-receives-approved-destination-status-from-china
✓ Migrated "Empowering Saudi nationals to shape the future of workforce localization" → post-en-empowering-saudi-nationals-to-shape-the-future-of-workforce-localization
✓ Migrated "Saudi Arabia Offers Investors a $100 Billion Opportunity in Aviation" → post-en-saudi-arabia-offers-investors-a-100-billion-opportunity-in-aviation
✓ Migrated "GCC Tourism Officials Plan for Major Event Coordination Ahead of New Visa System" → post-en-gcc-tourism-officials-plan-for-major-event-coordination-ahead-of-new-visa-system
✓ Migrated "EU Introduces New Visa Rules for Saudi, Omani, and Bahraini Citizens" → post-en-eu-introduces-new-visa-rules-for-saudi-omani-and-bahraini-citizens
✓ Migrated "ACRO Police Certificate Premium Service Now Restored" → post-en-acro-police-certificate-premium-service-now-restored
✓ Migrated "Saudi Arabia Modifies Foreign Worker Classifications in Nitaqat Program" → post-en-saudi-arabia-modifies-foreign-worker-classifications-in-nitaqat-program
✓ Migrated "UAE Golden Visa Policy Change Removes Minimum Down Payment Requirement for Property Owners" → post-en-uae-golden-visa-policy-change-removes-minimum-down-payment-requirement-for-property-owners
✓ Migrated "Empowering Local Talent: Saudi Arabia Advances Saudization in Consulting Services" → post-en-qatar-announced-new-residence-permit-for-skilled-individuals-and-entrepreneurs-2
✓ Migrated "Qatar announced New Residence Permit for Skilled individuals and Entrepreneurs." → post-en-qatar-announced-new-residence-permit-for-skilled-individuals-and-entrepreneurs
✓ Migrated "Saudi Arabia Enhances Foreign Investor Status Under Nitaqat Saudization Program" → post-en-saudi-arabia-enhances-foreign-investor-status-under-nitaqat-saudization-program
✓ Migrated "Strategic Tips for Incorporating Your Business in Saudi Arabia" → post-en-strategic-tips-for-incorporating-your-business-in-saudi-arabia
✓ Migrated "France’s 2024 Immigration Reform: Key Highlights and Impacts" → post-en-frances-2024-immigration-reform-key-highlights-and-impacts
✓ Migrated "Strategic Regional Headquarters Establishment in Saudi Arabia – RHQ Setup Simplified with Northman & Sterling" → post-en-strategic-regional-headquarters-establishment-in-saudi-arabia-rhq-setup-simplified-with-northman-sterling
✓ Migrated "Discovering Global Opportunities: The Role of Business Setup Services in International Expansion" → post-en-discovering-global-opportunities-the-role-of-business-setup-services-in-international-expansion
✓ Migrated "Saudi Arabia’s Economy Hits Eight-Year High as Output Growth Strengthens" → post-en-saudi-arabias-economy-hits-eight-year-high-as-output-growth-strengthens
✓ Migrated "Riyadh Metro: The Largest Public Transport Network in the World Set to Open Soon" → post-en-riyadh-metro-the-largest-public-transport-network-in-the-world-set-to-open-soon
✓ Migrated "Saudi Arabia Emerges as a Regional Talent Magnet: Opportunities and Attractions for Skilled Professionals" → post-en-saudi-arabia-emerges-as-a-regional-talent-magnet-opportunities-and-attractions-for-skilled-professionals
✓ Migrated "Benefits of Outsourcing in Saudi Arabia" → post-en-benefits-of-outsourcing-in-saudi-arabia
✓ Migrated "Saudi Business Visa – Do’s & Don’ts" → post-en-saudi-business-visa-dos-donts
✓ Migrated "Temporary Work Visa VS Business Visa – Saudi Arabia" → post-en-temporary-work-visa-vs-business-visa-saudi-arabia
✓ Migrated "HR Services in Saudi Arabia" → post-en-hr-services-in-saudi-arabia
✓ Migrated "Entering Saudi Market for Businesses" → post-en-entering-saudi-market-for-businesses
✓ Migrated "Solar Energy Projects in Saudi Arabia" → post-en-solar-energy-projects-in-saudi-arabia

Done. Next steps:
1. Open Sanity Studio and spot-check a handful of migrated posts.
2. Search each post's body for '[TODO: re-upload image' and fix inline images by hand.
3. Run scripts/generate-blog-redirects.mjs against the same WP URL list.
