Fetching posts from https://northmansterling.legal ...
Fetched page 1 — 50 posts (running total: 50)
Fetched page 2 — 6 posts (running total: 56)
Found 56 published posts.

[dry-run] Would upsert post-en-branch-office-or-regional-headquarters-which-structure-better-supports-growth-for-foreign-companies-in-saudi-arabia — "Branch Office or Regional Headquarters – Which Structure Better Supports Growth for Foreign Companies in Saudi Arabia" (11 blocks)
[dry-run] Would upsert post-en-what-business-support-services-are-required-after-company-registration-in-saudi-arabia — "What Business Support Services Are Required After Company Registration in Saudi Arabia?" (25 blocks)
[dry-run] Would upsert post-en-compliance-considerations-for-foreign-companies-expanding-into-saudi-arabia — "Compliance Considerations for Foreign Companies Expanding into Saudi Arabia" (22 blocks)
[dry-run] Would upsert post-en-the-first-five-strategic-hires-for-companies-expanding-into-saudi-arabia — "The First Five Strategic Hires for Companies Expanding into Saudi Arabia" (62 blocks)
[dry-run] Would upsert post-en-the-wrong-legal-structure-can-limit-business-expansion-in-saudi-arabia — "The Wrong Legal Structure Can Limit Business Expansion in Saudi Arabia" (32 blocks)
[dry-run] Would upsert post-en-how-are-digital-government-services-changing-the-way-businesses-operate-in-saudi-arabia — "How Are Digital Government Services Changing the Way Businesses Operate in Saudi Arabia?" (24 blocks)
[dry-run] Would upsert post-en-what-keeps-business-operations-moving-in-saudi-arabia — "What Keeps Business Operations Moving in Saudi Arabia?" (21 blocks)
[dry-run] Would upsert post-en-5-business-travel-challenges-the-saudi-package-visa-aims-to-address — "5 Business Travel Challenges Saudi Package Visa Aims to Address" (33 blocks)
[dry-run] Would upsert post-en-saudi-arabia-introduces-electronic-travel-authorisation-eta-for-uk-citizens-what-businesses-need-to-know — "Saudi Arabia Introduces Electronic Travel Authorisation (ETA) for UK Citizens: What Businesses Need to Know" (42 blocks)
[dry-run] Would upsert post-en-what-happens-when-an-iqama-job-title-no-longer-reflects-an-employees-actual-role — "What Happens When an Iqama Job Title No Longer Reflects an Employee’s Actual Role?" (31 blocks)
[dry-run] Would upsert post-en-five-instant-visas-a-new-workforce-planning-consideration-for-businesses-in-saudi-arabia — "Five Instant Visas: A New Workforce Planning Consideration for Businesses in Saudi Arabia" (10 blocks)
[dry-run] Would upsert post-en-5-business-risks-companies-avoid-by-outsourcing-document-legalization-and-attestation-services — "5 Business Risks Companies Avoid by Outsourcing Document Legalization and Attestation Services" (17 blocks)
[dry-run] Would upsert post-en-how-to-setup-a-business-in-saudi-arabia-q1-2026-sector-insights-legal-setup — "How to Setup a Business in Saudi Arabia: Q1 2026 Sector Insights & Legal Setup" (27 blocks)
[dry-run] Would upsert post-en-saudi-arabia-expands-100-saudization-to-administrative-roles — "Saudi Arabia Expands 100% Saudization to Administrative Roles" (18 blocks)
[dry-run] Would upsert post-en-why-degree-attestation-is-critical-for-gcc-work-visas — "Why Degree Attestation Is Critical for GCC Work Visas" (31 blocks)
[dry-run] Would upsert post-en-how-government-relations-services-support-iqama-processing-and-workforce-mobility-in-saudi-arabia — "How Government Relations Services Support Iqama Processing and Workforce Mobility in Saudi Arabia" (27 blocks)
[dry-run] Would upsert post-en-6-legal-mistakes-foreign-companies-make-in-saudi-arabia — "6 Legal Mistakes Foreign Companies Make in Saudi Arabia" (43 blocks)
[dry-run] Would upsert post-en-saudi-arabia-foreign-investment-laws-2026 — "Saudi Arabia Foreign Investment Laws 2026" (52 blocks)
[dry-run] Would upsert post-en-the-role-of-legal-advisors-in-protecting-corporate-interests — "The Role of Legal Advisors in Protecting Corporate Interests" (29 blocks)
[dry-run] Would upsert post-en-top-legal-considerations-for-foreign-companies-expanding-into-saudi-arabia — "Top Legal Considerations for Foreign Companies Expanding into Saudi Arabia" (61 blocks)
[dry-run] Would upsert post-en-what-is-a-schengen-visa-a-comprehensive-guide — "What is a Schengen Visa? Guide to Application and Rules" (38 blocks)
[dry-run] Would upsert post-en-visa-free-travel-to-sri-lanka-for-uae-saudi-arabia-and-33-other-countries — "Visa-Free Travel to Sri Lanka for UAE, Saudi Arabia, and 33 Other Countries" (14 blocks)
[dry-run] Would upsert post-en-industrial-licensing-in-saudi-arabia-what-you-need-to-know-before-applying — "Industrial Licensing in Saudi Arabia: What You Need to Know Before Applying" (35 blocks)
[dry-run] Would upsert post-en-services-investment-licenses-in-saudi-arabia-a-guide-for-foreign-investors — "Services Investment Licenses in Saudi Arabia: A Guide for Foreign Investors" (33 blocks)
[dry-run] Would upsert post-en-saudis-reform-investment-law-in-bid-to-attract-foreigners — "Saudis Reform Investment Law in Bid to Attract Foreigners" (18 blocks)
[dry-run] Would upsert post-en-establishing-a-regional-headquarters-rhq-in-saudi-arabia-your-guide-to-the-rhq-license — "Establishing a Regional Headquarters (RHQ) in Saudi Arabia: Your Guide to the RHQ License" (30 blocks)
[dry-run] Would upsert post-en-how-transport-and-logistics-sector-is-evolving-in-saudi-arabia — "How Transport and Logistics Sector is Evolving in Saudi Arabia?" (24 blocks)
[dry-run] Would upsert post-en-new-japan-e-visa-system-is-now-available-for-saudi-arabia-and-11-other-nations — "New Japan E-Visa System is Now Available For Saudi Arabia and 11 Other Nations" (30 blocks)
[dry-run] Would upsert post-en-latest-updates-on-uae-temporary-visit-visas — "Latest Updates on UAE Temporary Visit Visas" (38 blocks)
[dry-run] Would upsert post-en-riyadh-to-design-worlds-tallest-sports-tower — "Sports Tower in Riyadh Planned to Be the Tallest in the World" (9 blocks)
[dry-run] Would upsert post-en-saudi-arabia-ranks-2nd-best-country-for-expats-a-transformational-journey — "Saudi Arabia for Expats: Ranked 2nd Among Top Countries" (13 blocks)
[dry-run] Would upsert post-en-uae-launches-10-year-passport-for-citizens-aged-21-and-above — "UAE Launches 10-Year Passport for Citizens Aged 21 and Above" (19 blocks)
[dry-run] Would upsert post-en-saudi-arabia-receives-approved-destination-status-from-china — "Saudi Arabia Receives Approved Destination Status from China" (15 blocks)
[dry-run] Would upsert post-en-empowering-saudi-nationals-to-shape-the-future-of-workforce-localization — "Empowering Saudi nationals to shape the future of workforce localization" (14 blocks)
[dry-run] Would upsert post-en-saudi-arabia-offers-investors-a-100-billion-opportunity-in-aviation — "Saudi Arabia Offers Investors a $100 Billion Opportunity in Aviation" (18 blocks)
[dry-run] Would upsert post-en-gcc-tourism-officials-plan-for-major-event-coordination-ahead-of-new-visa-system — "GCC Tourism Officials Plan for Major Event Coordination Ahead of New Visa System" (9 blocks)
[dry-run] Would upsert post-en-eu-introduces-new-visa-rules-for-saudi-omani-and-bahraini-citizens — "EU Introduces New Visa Rules for Saudi, Omani, and Bahraini Citizens" (13 blocks)
[dry-run] Would upsert post-en-acro-police-certificate-premium-service-now-restored — "ACRO Police Certificate Premium Service Now Restored" (17 blocks)
[dry-run] Would upsert post-en-saudi-arabia-modifies-foreign-worker-classifications-in-nitaqat-program — "Saudi Arabia Modifies Foreign Worker Classifications in Nitaqat Program" (10 blocks)
[dry-run] Would upsert post-en-uae-golden-visa-policy-change-removes-minimum-down-payment-requirement-for-property-owners — "UAE Golden Visa Policy Change Removes Minimum Down Payment Requirement for Property Owners" (12 blocks)
[dry-run] Would upsert post-en-qatar-announced-new-residence-permit-for-skilled-individuals-and-entrepreneurs-2 — "Empowering Local Talent: Saudi Arabia Advances Saudization in Consulting Services" (16 blocks)
[dry-run] Would upsert post-en-qatar-announced-new-residence-permit-for-skilled-individuals-and-entrepreneurs — "Qatar announced New Residence Permit for Skilled individuals and Entrepreneurs." (19 blocks)
[dry-run] Would upsert post-en-saudi-arabia-enhances-foreign-investor-status-under-nitaqat-saudization-program — "Saudi Arabia Enhances Foreign Investor Status Under Nitaqat Saudization Program" (13 blocks)
[dry-run] Would upsert post-en-strategic-tips-for-incorporating-your-business-in-saudi-arabia — "Strategic Tips for Incorporating Your Business in Saudi Arabia" (34 blocks)
[dry-run] Would upsert post-en-frances-2024-immigration-reform-key-highlights-and-impacts — "France’s 2024 Immigration Reform: Key Highlights and Impacts" (15 blocks)
[dry-run] Would upsert post-en-strategic-regional-headquarters-establishment-in-saudi-arabia-rhq-setup-simplified-with-northman-sterling — "Strategic Regional Headquarters Establishment in Saudi Arabia – RHQ Setup Simplified with Northman & Sterling" (31 blocks)
[dry-run] Would upsert post-en-discovering-global-opportunities-the-role-of-business-setup-services-in-international-expansion — "Discovering Global Opportunities: The Role of Business Setup Services in International Expansion" (17 blocks)
[dry-run] Would upsert post-en-saudi-arabias-economy-hits-eight-year-high-as-output-growth-strengthens — "Saudi Arabia’s Economy Hits Eight-Year High as Output Growth Strengthens" (5 blocks)
[dry-run] Would upsert post-en-riyadh-metro-the-largest-public-transport-network-in-the-world-set-to-open-soon — "Riyadh Metro: The Largest Public Transport Network in the World Set to Open Soon" (5 blocks)
[dry-run] Would upsert post-en-saudi-arabia-emerges-as-a-regional-talent-magnet-opportunities-and-attractions-for-skilled-professionals — "Saudi Arabia Emerges as a Regional Talent Magnet: Opportunities and Attractions for Skilled Professionals" (6 blocks)
[dry-run] Would upsert post-en-benefits-of-outsourcing-in-saudi-arabia — "Benefits of Outsourcing in Saudi Arabia" (12 blocks)
[dry-run] Would upsert post-en-saudi-business-visa-dos-donts — "Saudi Business Visa – Do’s & Don’ts" (18 blocks)
[dry-run] Would upsert post-en-temporary-work-visa-vs-business-visa-saudi-arabia — "Temporary Work Visa VS Business Visa – Saudi Arabia" (29 blocks)
[dry-run] Would upsert post-en-hr-services-in-saudi-arabia — "HR Services in Saudi Arabia" (12 blocks)
[dry-run] Would upsert post-en-entering-saudi-market-for-businesses — "Entering Saudi Market for Businesses" (5 blocks)
[dry-run] Would upsert post-en-solar-energy-projects-in-saudi-arabia — "Solar Energy Projects in Saudi Arabia" (6 blocks)

Done. Next steps:
1. Open Sanity Studio and spot-check a handful of migrated posts.
2. Search each post's body for '[TODO: re-upload image' and fix inline images by hand.
3. Run scripts/generate-blog-redirects.mjs against the same WP URL list.
